INFO:werkzeug: * Running on http://127.0.0.1:5000/ (Press CTRL+C to quit)
INFO:werkzeug: * Running on http://127.0.0.1:5000/ (Press CTRL+C to quit)
INFO:werkzeug:127.0.0.1 - - [18/Mar/2019 16:43:26] "GET / HTTP/1.1" 404 -
INFO:werkzeug:127.0.0.1 - - [18/Mar/2019 16:43:26] "GET /favicon.ico HTTP/1.1" 404 -
DEBUG:root:La cadena de conexion es: host='localhost' dbname='itrainer' user='postgres' password='*postgre123*'
DEBUG:root:Conexion correcta
DEBUG:root:Error consultando cervezas
DEBUG:root:Error no controlado: Error no controlado: no existe la relación «cerveza»
LINE 1: SELECT * FROM CERVEZA
                      ^

INFO:werkzeug:127.0.0.1 - - [18/Mar/2019 16:43:40] "GET /cervezas HTTP/1.1" 409 -
DEBUG:root:La cadena de conexion es: host='localhost' dbname='itrainer' user='postgres' password='*postgre123*'
DEBUG:root:Conexion correcta
DEBUG:root:Error obteniendo los bares
DEBUG:root:Error no controlado: Error no controlado: no existe la relación «bar»
LINE 1: SELECT * FROM BAR
                      ^

INFO:werkzeug:127.0.0.1 - - [18/Mar/2019 17:08:01] "GET /bares HTTP/1.1" 409 -
INFO:werkzeug: * Running on http://127.0.0.1:5000/ (Press CTRL+C to quit)
DEBUG:root:La cadena de conexion es: host='localhost' dbname='invitame_una_cerveza' user='postgres' password='*postgre123*'
DEBUG:root:Conexion correcta
INFO:werkzeug:127.0.0.1 - - [18/Mar/2019 17:08:36] "GET /bares HTTP/1.1" 200 -
